mysql> desc countries;
+--------------+-------------+------+-----+---------+-------+
| Field        | Type        | Null | Key | Default | Extra |
+--------------+-------------+------+-----+---------+-------+
| country_id   | int         | YES  |     | NULL    |       |
| country_name | varchar(20) | YES  |     | NULL    |       |
| region_id    | int         | YES  |     | NULL    |       |
+--------------+-------------+------+-----+---------+-------+
3 rows in set (0.00 sec)

mysql> alter table countries
    -> modify column country_id int unique;
Query OK, 0 rows affected (0.04 sec)
Records: 0  Duplicates: 0  Warnings: 0

mysql> desc countries;
+--------------+-------------+------+-----+---------+-------+
| Field        | Type        | Null | Key | Default | Extra |
+--------------+-------------+------+-----+---------+-------+
| country_id   | int         | YES  | UNI | NULL    |       |
| country_name | varchar(20) | YES  |     | NULL    |       |
| region_id    | int         | YES  |     | NULL    |       |
+--------------+-------------+------+-----+---------+-------+
3 rows in set (0.01 sec)

mysql> insert into countries
    -> (country_id, country_name, region_id)
    -> values(1,"India", 2);
Query OK, 1 row affected (0.01 sec)

mysql> desc countries;
+--------------+-------------+------+-----+---------+-------+
| Field        | Type        | Null | Key | Default | Extra |
+--------------+-------------+------+-----+---------+-------+
| country_id   | int         | YES  | UNI | NULL    |       |
| country_name | varchar(20) | YES  |     | NULL    |       |
| region_id    | int         | YES  |     | NULL    |       |
+--------------+-------------+------+-----+---------+-------+
3 rows in set (0.00 sec)

mysql> table countries;
+------------+--------------+-----------+
| country_id | country_name | region_id |
+------------+--------------+-----------+
|          1 | India        |         2 |
+------------+--------------+-----------+
1 row in set (0.00 sec)

mysql> insert into countries
    -> (country_id, country_name, region_id)
    -> values(1,"China", 3);
ERROR 1062 (23000): Duplicate entry '1' for key 'countries.country_id'
mysql>